
> Configure project :
Fabric Loom: 1.15.5

> Task :compileJava FAILED
.\gradlew.bat : E:\developerTools\JetraIDEA\code\MacroGrid\src\main\java\real\o0h\gui\ColorPickerScreen.java:132: 错误: 非
法的表达式开始
所在位置 行:1 字符: 145
+ ... DEA\code\MacroGrid"; .\gradlew.bat build --console=plain 2>&1 | Out-F ...
+                          ~~~~~~~~~~~~~~~~~~~~~~~~~~~~~~~~~~~~~~~~
    + CategoryInfo          : NotSpecified: (E:\developerToo...2: 错误: 非法的表达式开始:String) [], RemoteException
    + FullyQualifiedErrorId : NativeCommandError
 
    private void parseIntBox(String text, int max, Consumer<Integer> apply) {
    ^
1 个错误

[Incubating] Problems report is available at: file:///E:/developerTools/JetraIDEA/code/MacroGrid/build/reports/problems/problems-report.html

FAILURE: Build failed with an exception.

* What went wrong:
Execution failed for task ':compileJava'.
> Compilation failed; see the compiler output below.
  E:\developerTools\JetraIDEA\code\MacroGrid\src\main\java\real\o0h\gui\ColorPickerScreen.java:132: 错误: 非法的表达式开始
      private void parseIntBox(String text, int max, Consumer<Integer> apply) {
      ^
  1 个错误

* Try:
> Check your code and dependencies to fix the compilation error(s)
> Run with --scan to get full insights from a Build Scan (powered by Develocity).

Deprecated Gradle features were used in this build, making it incompatible with Gradle 10.

You can use '--warning-mode all' to show the individual deprecation warnings and determine if they come from your own scripts or plugins.


For more on this, please refer to https://docs.gradle.org/9.3.0/userguide/command_line_interface.html#sec:command_line_warnings in the Gradle documentation.
1 actionable task: 1 executed
BUILD FAILED in 3s
