
> Configure project :
Fabric Loom: 1.15.5

> Task :compileJava FAILED
.\gradlew.bat : 警告: 来自批注处理程序 'org.gradle.api.internal.tasks.compile.processing.TimeTrackingProcessor' 的受支持 source 版本 'R
ELEASE_17' 低于 -source '25'
所在位置 行:1 字符: 145
+ ... DEA\code\MacroGrid"; .\gradlew.bat build --console=plain 2>&1 | Out-F ...
+                          ~~~~~~~~~~~~~~~~~~~~~~~~~~~~~~~~~~~~~~~~
    + CategoryInfo          : NotSpecified: (警告: 来自批注处理程序 'o...低于 -source '25':String) [], RemoteException
    + FullyQualifiedErrorId : NativeCommandError
 
E:\developerTools\JetraIDEA\code\MacroGrid\src\main\java\real\o0h\gui\ButtonGuiScreen.java:323: 错误: 找不到符号
            renameField.selectAll(); // type-to-replace instead of append
                       ^
  符号:   方法 selectAll()
  位置: 类型为TextBoxComponent的变量 renameField
1 个错误
1 个警告

[Incubating] Problems report is available at: file:///E:/developerTools/JetraIDEA/code/MacroGrid/build/reports/problems/problems-report.html

FAILURE: Build failed with an exception.

* What went wrong:
Execution failed for task ':compileJava'.
> Compilation failed; see the compiler output below.
  警告: 来自批注处理程序 'org.gradle.api.internal.tasks.compile.processing.TimeTrackingProcessor' 的受支持 source 版本 'RELEASE_17' 低于 
-source '25'
  E:\developerTools\JetraIDEA\code\MacroGrid\src\main\java\real\o0h\gui\ButtonGuiScreen.java:323: 错误: 找不到符号
              renameField.selectAll(); // type-to-replace instead of append
                         ^
    符号:   方法 selectAll()
    位置: 类型为TextBoxComponent的变量 renameField
  1 个错误
  1 个警告

* Try:
> Check your code and dependencies to fix the compilation error(s)
> Run with --scan to get full insights from a Build Scan (powered by Develocity).

Deprecated Gradle features were used in this build, making it incompatible with Gradle 10.

You can use '--warning-mode all' to show the individual deprecation warnings and determine if they come from your own scripts or plugins.

For more on this, please refer to https://docs.gradle.org/9.3.0/userguide/command_line_interface.html#sec:command_line_warnings in the Gradle documentation.

BUILD FAILED in 3s
1 actionable task: 1 executed
