
> Configure project :
Fabric Loom: 1.15.5

> Task :compileJava
.\gradlew.bat : 警告: 来自批注处理程序 'org.gradle.api.internal.tasks.compile.processing.TimeTrackingProcessor' 的受支持 source 版本 'R
ELEASE_17' 低于 -source '25'
所在位置 行:1 字符: 145
+ ... DEA\code\MacroGrid"; .\gradlew.bat build --console=plain 2>&1 | Out-F ...
+                          ~~~~~~~~~~~~~~~~~~~~~~~~~~~~~~~~~~~~~~~~
    + CategoryInfo          : NotSpecified: (警告: 来自批注处理程序 'o...低于 -source '25':String) [], RemoteException
    + FullyQualifiedErrorId : NativeCommandError
 
1 个警告

> Task :processResources
> Task :classes
> Task :processIncludeJars
> Task :sourcesJar
> Task :compileTestJava NO-SOURCE
> Task :processTestResources NO-SOURCE
> Task :testClasses UP-TO-DATE
> Task :test NO-SOURCE
> Task :validateAccessWidener NO-SOURCE
> Task :check UP-TO-DATE
> Task :jar
> Task :assemble
> Task :build

[Incubating] Problems report is available at: file:///E:/developerTools/JetraIDEA/code/MacroGrid/build/reports/problems/problems-report.html

Deprecated Gradle features were used in this build, making it incompatible with Gradle 10.

You can use '--warning-mode all' to show the individual deprecation warnings and determine if they come from your own scripts or plugins.

For more on this, please refer to https://docs.gradle.org/9.3.0/userguide/command_line_interface.html#sec:command_line_warnings in the Gradle documentation.

BUILD SUCCESSFUL in 3s
5 actionable tasks: 5 executed
